// Vitest Snapshot v1, https://vitest.dev/guide/snapshot.html

exports[`utils/docker/cosign > cosign 1`] = `
[
  [
    "cosign",
    [
      "version",
    ],
  ],
]
`;
