// Jest Snapshot v1, https://goo.gl/fbAQLP

exports[`utils/cosign/common cosign 1`] = `
Array [
  Array [
    "cosign",
    Array [
      "version",
    ],
  ],
]
`;
