// Jest Snapshot v1, https://goo.gl/fbAQLP

exports[`missing image 1`] = `[Error: Missing image]`;

exports[`no image id 1`] = `[Error: Could not find image id]`;
