// Jest Snapshot v1, https://goo.gl/fbAQLP

exports[`works 1`] = `
Array [
  Array [
    "./bin/file.sh",
    Array [],
  ],
  Array [
    "docker",
    Array [
      "info",
    ],
  ],
  Array [
    "docker",
    Array [
      "buildx",
      "version",
    ],
  ],
  Array [
    "docker",
    Array [
      "run",
      "--rm",
      "--privileged",
      "multiarch/qemu-user-static",
      "--reset",
      "-p",
      "yes",
    ],
  ],
  Array [
    "docker",
    Array [
      "buildx",
      "create",
      "--name",
      "renovatebot-builder",
      "--driver",
      "docker-container",
      "--use",
    ],
  ],
  Array [
    "docker",
    Array [
      "buildx",
      "inspect",
      "--bootstrap",
    ],
  ],
]
`;
